{
  "name": "react-native",
  "version": "0.87.1",
  "engines": {
    "node": "^22.13.0 || ^24.3.0 || >= 26.0.0"
  },
  "peerDependencies": {
    "react": "^19.2.3",
    "@types/react": "^19.1.1"
  },
  "dependencies": {
    "ws": "^7.5.10",
    "anser": "^1.4.9",
    "yargs": "^17.6.2",
    "semver": "^7.1.3",
    "promise": "^8.3.0",
    "base64-js": "^1.5.1",
    "commander": "^12.0.0",
    "invariant": "^2.2.4",
    "scheduler": "0.27.0",
    "ansi-regex": "^5.0.0",
    "nullthrows": "^1.1.1",
    "tinyglobby": "^0.2.15",
    "memoize-one": "^5.0.0",
    "whatwg-fetch": "^3.0.0",
    "metro-runtime": "^0.87.0",
    "pretty-format": "^29.7.0",
    "react-refresh": "^0.14.0",
    "hermes-compiler": "250829098.0.17",
    "metro-source-map": "^0.87.0",
    "stacktrace-parser": "^0.1.10",
    "flow-enums-runtime": "^0.0.6",
    "react-devtools-core": "^6.1.5",
    "regenerator-runtime": "^0.13.2",
    "@react-native/codegen": "0.87.1",
    "@react-native/asset-utils": "0.87.1",
    "@react-native/gradle-plugin": "0.87.1",
    "@react-native/normalize-colors": "0.87.1",
    "@react-native/virtualized-lists": "0.87.1",
    "babel-plugin-syntax-hermes-parser": "0.36.1",
    "@react-native/community-cli-plugin": "0.87.1"
  },
  "dist.integrity": "sha512-DJKG6ANoD7BtrE4z9DewiSD7/RxCX73lK5Pu49aUr85P3333Dm2roTiP0rRjQNDZdVizHSOmstWfwF/o9EjCRA==",
  "dist.tarball": "https://registry.npmjs.org/react-native/-/react-native-0.87.1.tgz"
}
